Archive member included because of file (symbol)

d:/iti 3 month/imt tools/imt tools/sdk/imt_sdk_win_64/imt_sdk_win_64/winavr/bin/../lib/gcc/avr/4.3.3/avr5\libgcc.a(_exit.o)
                              d:/iti 3 month/imt tools/imt tools/sdk/imt_sdk_win_64/imt_sdk_win_64/winavr/bin/../lib/gcc/avr/4.3.3/../../../../avr/lib/avr5/crtm32.o (exit)
d:/iti 3 month/imt tools/imt tools/sdk/imt_sdk_win_64/imt_sdk_win_64/winavr/bin/../lib/gcc/avr/4.3.3/avr5\libgcc.a(_copy_data.o)
                              ./MCAL/UART/UART.o (__do_copy_data)
d:/iti 3 month/imt tools/imt tools/sdk/imt_sdk_win_64/imt_sdk_win_64/winavr/bin/../lib/gcc/avr/4.3.3/avr5\libgcc.a(_clear_bss.o)
                              ./MCAL/UART/UART.o (__do_clear_bss)

Allocating common symbols
Common symbol       size              file

arr                 0x3e8             ./main.o
pstr_currentTask    0x2               ./APP/BCM.o

Memory Configuration

Name             Origin             Length             Attributes
text             0x00000000         0x00020000         xr
data             0x00800060         0x0000ffa0         rw !x
eeprom           0x00810000         0x00010000         rw !x
fuse             0x00820000         0x00000400         rw !x
lock             0x00830000         0x00000400         rw !x
signature        0x00840000         0x00000400         rw !x
*default*        0x00000000         0xffffffff

Linker script and memory map

LOAD d:/iti 3 month/imt tools/imt tools/sdk/imt_sdk_win_64/imt_sdk_win_64/winavr/bin/../lib/gcc/avr/4.3.3/../../../../avr/lib/avr5/crtm32.o
LOAD ./SERVICE/SER_UART/SER_UART.o
LOAD ./MCAL/UART/UART.o
LOAD ./MCAL/SPI/SPI.o
LOAD ./MCAL/I2C/I2C_Program.o
LOAD ./MCAL/DIO/DIO.o
LOAD ./APP/BCM.o
LOAD ./main.o
LOAD d:/iti 3 month/imt tools/imt tools/sdk/imt_sdk_win_64/imt_sdk_win_64/winavr/bin/../lib/gcc/avr/4.3.3/avr5\libgcc.a
LOAD d:/iti 3 month/imt tools/imt tools/sdk/imt_sdk_win_64/imt_sdk_win_64/winavr/bin/../lib/gcc/avr/4.3.3/../../../../avr/lib/avr5\libc.a
LOAD d:/iti 3 month/imt tools/imt tools/sdk/imt_sdk_win_64/imt_sdk_win_64/winavr/bin/../lib/gcc/avr/4.3.3/avr5\libgcc.a

.hash
 *(.hash)

.dynsym
 *(.dynsym)

.dynstr
 *(.dynstr)

.gnu.version
 *(.gnu.version)

.gnu.version_d
 *(.gnu.version_d)

.gnu.version_r
 *(.gnu.version_r)

.rel.init
 *(.rel.init)

.rela.init
 *(.rela.init)

.rel.text
 *(.rel.text)
 *(.rel.text.*)
 *(.rel.gnu.linkonce.t*)

.rela.text
 *(.rela.text)
 *(.rela.text.*)
 *(.rela.gnu.linkonce.t*)

.rel.fini
 *(.rel.fini)

.rela.fini
 *(.rela.fini)

.rel.rodata
 *(.rel.rodata)
 *(.rel.rodata.*)
 *(.rel.gnu.linkonce.r*)

.rela.rodata
 *(.rela.rodata)
 *(.rela.rodata.*)
 *(.rela.gnu.linkonce.r*)

.rel.data
 *(.rel.data)
 *(.rel.data.*)
 *(.rel.gnu.linkonce.d*)

.rela.data
 *(.rela.data)
 *(.rela.data.*)
 *(.rela.gnu.linkonce.d*)

.rel.ctors
 *(.rel.ctors)

.rela.ctors
 *(.rela.ctors)

.rel.dtors
 *(.rel.dtors)

.rela.dtors
 *(.rela.dtors)

.rel.got
 *(.rel.got)

.rela.got
 *(.rela.got)

.rel.bss
 *(.rel.bss)

.rela.bss
 *(.rela.bss)

.rel.plt
 *(.rel.plt)

.rela.plt
 *(.rela.plt)

.text           0x00000000     0x1710
 *(.vectors)
 .vectors       0x00000000       0x54 d:/iti 3 month/imt tools/imt tools/sdk/imt_sdk_win_64/imt_sdk_win_64/winavr/bin/../lib/gcc/avr/4.3.3/../../../../avr/lib/avr5/crtm32.o
                0x00000000                __vectors
                0x00000000                __vector_default
 *(.vectors)
 *(.progmem.gcc*)
 *(.progmem*)
                0x00000054                . = ALIGN (0x2)
                0x00000054                __trampolines_start = .
 *(.trampolines)
 .trampolines   0x00000054        0x0 linker stubs
 *(.trampolines*)
                0x00000054                __trampolines_end = .
 *(.jumptables)
 *(.jumptables*)
 *(.lowtext)
 *(.lowtext*)
                0x00000054                __ctors_start = .
 *(.ctors)
                0x00000054                __ctors_end = .
                0x00000054                __dtors_start = .
 *(.dtors)
                0x00000054                __dtors_end = .
 SORT(*)(.ctors)
 SORT(*)(.dtors)
 *(.init0)
 .init0         0x00000054        0x0 d:/iti 3 month/imt tools/imt tools/sdk/imt_sdk_win_64/imt_sdk_win_64/winavr/bin/../lib/gcc/avr/4.3.3/../../../../avr/lib/avr5/crtm32.o
                0x00000054                __init
 *(.init0)
 *(.init1)
 *(.init1)
 *(.init2)
 .init2         0x00000054        0xc d:/iti 3 month/imt tools/imt tools/sdk/imt_sdk_win_64/imt_sdk_win_64/winavr/bin/../lib/gcc/avr/4.3.3/../../../../avr/lib/avr5/crtm32.o
 *(.init2)
 *(.init3)
 *(.init3)
 *(.init4)
 .init4         0x00000060       0x16 d:/iti 3 month/imt tools/imt tools/sdk/imt_sdk_win_64/imt_sdk_win_64/winavr/bin/../lib/gcc/avr/4.3.3/avr5\libgcc.a(_copy_data.o)
                0x00000060                __do_copy_data
 .init4         0x00000076       0x10 d:/iti 3 month/imt tools/imt tools/sdk/imt_sdk_win_64/imt_sdk_win_64/winavr/bin/../lib/gcc/avr/4.3.3/avr5\libgcc.a(_clear_bss.o)
                0x00000076                __do_clear_bss
 *(.init4)
 *(.init5)
 *(.init5)
 *(.init6)
 *(.init6)
 *(.init7)
 *(.init7)
 *(.init8)
 *(.init8)
 *(.init9)
 .init9         0x00000086        0x8 d:/iti 3 month/imt tools/imt tools/sdk/imt_sdk_win_64/imt_sdk_win_64/winavr/bin/../lib/gcc/avr/4.3.3/../../../../avr/lib/avr5/crtm32.o
 *(.init9)
 *(.text)
 .text          0x0000008e        0x4 d:/iti 3 month/imt tools/imt tools/sdk/imt_sdk_win_64/imt_sdk_win_64/winavr/bin/../lib/gcc/avr/4.3.3/../../../../avr/lib/avr5/crtm32.o
                0x0000008e                __vector_1
                0x0000008e                __vector_12
                0x0000008e                __bad_interrupt
                0x0000008e                __vector_6
                0x0000008e                __vector_3
                0x0000008e                __vector_11
                0x0000008e                __vector_17
                0x0000008e                __vector_19
                0x0000008e                __vector_7
                0x0000008e                __vector_5
                0x0000008e                __vector_4
                0x0000008e                __vector_9
                0x0000008e                __vector_2
                0x0000008e                __vector_8
                0x0000008e                __vector_14
                0x0000008e                __vector_10
                0x0000008e                __vector_16
                0x0000008e                __vector_18
                0x0000008e                __vector_20
 .text          0x00000092        0x0 ./SERVICE/SER_UART/SER_UART.o
 .text          0x00000092        0x0 ./MCAL/UART/UART.o
 .text          0x00000092        0x0 ./MCAL/SPI/SPI.o
 .text          0x00000092        0x0 ./MCAL/I2C/I2C_Program.o
 .text          0x00000092        0x0 ./MCAL/DIO/DIO.o
 .text          0x00000092        0x0 ./APP/BCM.o
 .text          0x00000092        0x0 ./main.o
 .text          0x00000092        0x0 d:/iti 3 month/imt tools/imt tools/sdk/imt_sdk_win_64/imt_sdk_win_64/winavr/bin/../lib/gcc/avr/4.3.3/avr5\libgcc.a(_exit.o)
 .text          0x00000092        0x0 d:/iti 3 month/imt tools/imt tools/sdk/imt_sdk_win_64/imt_sdk_win_64/winavr/bin/../lib/gcc/avr/4.3.3/avr5\libgcc.a(_copy_data.o)
 .text          0x00000092        0x0 d:/iti 3 month/imt tools/imt tools/sdk/imt_sdk_win_64/imt_sdk_win_64/winavr/bin/../lib/gcc/avr/4.3.3/avr5\libgcc.a(_clear_bss.o)
                0x00000092                . = ALIGN (0x2)
 *(.text.*)
 .text.SER_UARTvoidSendString
                0x00000092       0x5a ./SERVICE/SER_UART/SER_UART.o
                0x00000092                SER_UARTvoidSendString
 .text.SER_UARTvoidReceiveString
                0x000000ec       0x86 ./SERVICE/SER_UART/SER_UART.o
                0x000000ec                SER_UARTvoidReceiveString
 .text.SER_UARTvoidReceiveStringNoBLOCKING
                0x00000172       0x76 ./SERVICE/SER_UART/SER_UART.o
                0x00000172                SER_UARTvoidReceiveStringNoBLOCKING
 .text.SER_UARTvoidSendLongNum
                0x000001e8       0x62 ./SERVICE/SER_UART/SER_UART.o
                0x000001e8                SER_UARTvoidSendLongNum
 .text.SER_UARTu32ReceiveLongNum
                0x0000024a       0xa8 ./SERVICE/SER_UART/SER_UART.o
                0x0000024a                SER_UARTu32ReceiveLongNum
 .text.UART_ENInit
                0x000002f2       0xdc ./MCAL/UART/UART.o
                0x000002f2                UART_ENInit
 .text.UART_ENSendData
                0x000003ce       0x36 ./MCAL/UART/UART.o
                0x000003ce                UART_ENSendData
 .text.UART_ENSendNoBlock
                0x00000404       0x1e ./MCAL/UART/UART.o
                0x00000404                UART_ENSendNoBlock
 .text.UART_u8ReceiveData
                0x00000422       0x1e ./MCAL/UART/UART.o
                0x00000422                UART_u8ReceiveData
 .text.UART_voidTXInterruptDisable
                0x00000440       0x2a ./MCAL/UART/UART.o
                0x00000440                UART_voidTXInterruptDisable
 .text.UART_voidRXInterruptDisable
                0x0000046a       0x2a ./MCAL/UART/UART.o
                0x0000046a                UART_voidRXInterruptDisable
 .text.UART_u8ReceiveNoBlock
                0x00000494       0x1a ./MCAL/UART/UART.o
                0x00000494                UART_u8ReceiveNoBlock
 .text.UART_voidTXInterruptEnable
                0x000004ae       0x2a ./MCAL/UART/UART.o
                0x000004ae                UART_voidTXInterruptEnable
 .text.UART_voidRXInterruptEnable
                0x000004d8       0x2a ./MCAL/UART/UART.o
                0x000004d8                UART_voidRXInterruptEnable
 .text.UART_voidSendString_Ashync
                0x00000502       0x3e ./MCAL/UART/UART.o
                0x00000502                UART_voidSendString_Ashync
 .text.UART_voidReceiveString_Ashync
                0x00000540       0x28 ./MCAL/UART/UART.o
                0x00000540                UART_voidReceiveString_Ashync
 .text.__vector_15
                0x00000568       0x54 ./MCAL/UART/UART.o
                0x00000568                __vector_15
 .text.MUSART1_voidSetCallBack
                0x000005bc       0x24 ./MCAL/UART/UART.o
                0x000005bc                MUSART1_voidSetCallBack
 .text.__vector_13
                0x000005e0       0x54 ./MCAL/UART/UART.o
                0x000005e0                __vector_13
 .text.SPI_VidInitMaster
                0x00000634       0x4e ./MCAL/SPI/SPI.o
                0x00000634                SPI_VidInitMaster
 .text.SPI_VidInitSlave
                0x00000682       0x4e ./MCAL/SPI/SPI.o
                0x00000682                SPI_VidInitSlave
 .text.SPI_VidSendByte
                0x000006d0       0x26 ./MCAL/SPI/SPI.o
                0x000006d0                SPI_VidSendByte
 .text.SPI_U8RecieveByte_admin
                0x000006f6       0x62 ./MCAL/SPI/SPI.o
                0x000006f6                SPI_U8RecieveByte_admin
 .text.SPI_U8RecieveByte
                0x00000758       0x1e ./MCAL/SPI/SPI.o
                0x00000758                SPI_U8RecieveByte
 .text.SPI_VidSendString
                0x00000776       0x7e ./MCAL/SPI/SPI.o
                0x00000776                SPI_VidSendString
 .text.SPI_VidRecieveString
                0x000007f4       0x86 ./MCAL/SPI/SPI.o
                0x000007f4                SPI_VidRecieveString
 .text.I2C_MasterInit
                0x0000087a       0x48 ./MCAL/I2C/I2C_Program.o
                0x0000087a                I2C_MasterInit
 .text.I2C_MasterStart
                0x000008c2       0x34 ./MCAL/I2C/I2C_Program.o
                0x000008c2                I2C_MasterStart
 .text.I2C_SlaveInit
                0x000008f6       0x3e ./MCAL/I2C/I2C_Program.o
                0x000008f6                I2C_SlaveInit
 .text.I2C_SendSlaveAddressWithWrite
                0x00000934       0x52 ./MCAL/I2C/I2C_Program.o
                0x00000934                I2C_SendSlaveAddressWithWrite
 .text.I2C_SendSlaveAddressWithRead
                0x00000986       0x52 ./MCAL/I2C/I2C_Program.o
                0x00000986                I2C_SendSlaveAddressWithRead
 .text.I2C_WriteDataByte
                0x000009d8       0x34 ./MCAL/I2C/I2C_Program.o
                0x000009d8                I2C_WriteDataByte
 .text.I2C_ReadDataByte
                0x00000a0c       0x34 ./MCAL/I2C/I2C_Program.o
                0x00000a0c                I2C_ReadDataByte
 .text.I2C_MasterStop
                0x00000a40       0x38 ./MCAL/I2C/I2C_Program.o
                0x00000a40                I2C_MasterStop
 .text.DIO_voidSetPinValue
                0x00000a78      0x20e ./MCAL/DIO/DIO.o
                0x00000a78                DIO_voidSetPinValue
 .text.DIO_voidSetPinDirection
                0x00000c86      0x20e ./MCAL/DIO/DIO.o
                0x00000c86                DIO_voidSetPinDirection
 .text.DIO_u8GetPinValue
                0x00000e94       0xf2 ./MCAL/DIO/DIO.o
                0x00000e94                DIO_u8GetPinValue
 .text.DIO_voidTogPin
                0x00000f86      0x108 ./MCAL/DIO/DIO.o
                0x00000f86                DIO_voidTogPin
 .text.DIO_voidSetPortValue
                0x0000108e       0x90 ./MCAL/DIO/DIO.o
                0x0000108e                DIO_voidSetPortValue
 .text.DIO_voidSetPortDirection
                0x0000111e       0x90 ./MCAL/DIO/DIO.o
                0x0000111e                DIO_voidSetPortDirection
 .text.DIO_voidInpullUp
                0x000011ae      0x1a6 ./MCAL/DIO/DIO.o
                0x000011ae                DIO_voidInpullUp
 .text.BCM_init
                0x00001354       0x84 ./APP/BCM.o
                0x00001354                BCM_init
 .text.BCM_setup
                0x000013d8       0xfe ./APP/BCM.o
                0x000013d8                BCM_setup
 .text.BCM_RX_dispatcher
                0x000014d6       0x68 ./APP/BCM.o
                0x000014d6                BCM_RX_dispatcher
 .text.BCM_TX_dispatcher
                0x0000153e       0x7a ./APP/BCM.o
                0x0000153e                BCM_TX_dispatcher
 .text.BCM_TX_Handller
                0x000015b8       0x60 ./APP/BCM.o
                0x000015b8                BCM_TX_Handller
 .text.BCM_RX_Handller
                0x00001618       0x4e ./APP/BCM.o
                0x00001618                BCM_RX_Handller
 .text.led      0x00001666       0x18 ./main.o
                0x00001666                led
 .text.main     0x0000167e       0x8e ./main.o
                0x0000167e                main
 .text.libgcc   0x0000170c        0x0 d:/iti 3 month/imt tools/imt tools/sdk/imt_sdk_win_64/imt_sdk_win_64/winavr/bin/../lib/gcc/avr/4.3.3/avr5\libgcc.a(_exit.o)
 .text.libgcc   0x0000170c        0x0 d:/iti 3 month/imt tools/imt tools/sdk/imt_sdk_win_64/imt_sdk_win_64/winavr/bin/../lib/gcc/avr/4.3.3/avr5\libgcc.a(_copy_data.o)
 .text.libgcc   0x0000170c        0x0 d:/iti 3 month/imt tools/imt tools/sdk/imt_sdk_win_64/imt_sdk_win_64/winavr/bin/../lib/gcc/avr/4.3.3/avr5\libgcc.a(_clear_bss.o)
                0x0000170c                . = ALIGN (0x2)
 *(.fini9)
 .fini9         0x0000170c        0x0 d:/iti 3 month/imt tools/imt tools/sdk/imt_sdk_win_64/imt_sdk_win_64/winavr/bin/../lib/gcc/avr/4.3.3/avr5\libgcc.a(_exit.o)
                0x0000170c                exit
                0x0000170c                _exit
 *(.fini9)
 *(.fini8)
 *(.fini8)
 *(.fini7)
 *(.fini7)
 *(.fini6)
 *(.fini6)
 *(.fini5)
 *(.fini5)
 *(.fini4)
 *(.fini4)
 *(.fini3)
 *(.fini3)
 *(.fini2)
 *(.fini2)
 *(.fini1)
 *(.fini1)
 *(.fini0)
 .fini0         0x0000170c        0x4 d:/iti 3 month/imt tools/imt tools/sdk/imt_sdk_win_64/imt_sdk_win_64/winavr/bin/../lib/gcc/avr/4.3.3/avr5\libgcc.a(_exit.o)
 *(.fini0)
                0x00001710                _etext = .

.data           0x00800060        0xc load address 0x00001710
                0x00800060                PROVIDE (__data_start, .)
 *(.data)
 .data          0x00800060        0x0 d:/iti 3 month/imt tools/imt tools/sdk/imt_sdk_win_64/imt_sdk_win_64/winavr/bin/../lib/gcc/avr/4.3.3/../../../../avr/lib/avr5/crtm32.o
 .data          0x00800060        0x0 ./SERVICE/SER_UART/SER_UART.o
 .data          0x00800060        0x0 ./MCAL/UART/UART.o
 .data          0x00800060        0x0 ./MCAL/SPI/SPI.o
 .data          0x00800060        0x0 ./MCAL/I2C/I2C_Program.o
 .data          0x00800060        0x0 ./MCAL/DIO/DIO.o
 .data          0x00800060        0x0 ./APP/BCM.o
 .data          0x00800060        0x0 ./main.o
 .data          0x00800060        0x0 d:/iti 3 month/imt tools/imt tools/sdk/imt_sdk_win_64/imt_sdk_win_64/winavr/bin/../lib/gcc/avr/4.3.3/avr5\libgcc.a(_exit.o)
 .data          0x00800060        0x0 d:/iti 3 month/imt tools/imt tools/sdk/imt_sdk_win_64/imt_sdk_win_64/winavr/bin/../lib/gcc/avr/4.3.3/avr5\libgcc.a(_copy_data.o)
 .data          0x00800060        0x0 d:/iti 3 month/imt tools/imt tools/sdk/imt_sdk_win_64/imt_sdk_win_64/winavr/bin/../lib/gcc/avr/4.3.3/avr5\libgcc.a(_clear_bss.o)
 *(.data*)
 .data.gFlag    0x00800060        0x1 ./MCAL/UART/UART.o
 *(.rodata)
 *(.rodata*)
 .rodata.C.0.1287
                0x00800061        0xb ./main.o
 *(.gnu.linkonce.d*)
                0x0080006c                . = ALIGN (0x2)
                0x0080006c                _edata = .
                0x0080006c                PROVIDE (__data_end, .)

.bss            0x0080006c      0x457
                0x0080006c                PROVIDE (__bss_start, .)
 *(.bss)
 .bss           0x0080006c        0x0 d:/iti 3 month/imt tools/imt tools/sdk/imt_sdk_win_64/imt_sdk_win_64/winavr/bin/../lib/gcc/avr/4.3.3/../../../../avr/lib/avr5/crtm32.o
 .bss           0x0080006c        0x0 ./SERVICE/SER_UART/SER_UART.o
 .bss           0x0080006c        0x0 ./MCAL/UART/UART.o
 .bss           0x0080006c        0x0 ./MCAL/SPI/SPI.o
 .bss           0x0080006c        0x0 ./MCAL/I2C/I2C_Program.o
 .bss           0x0080006c        0x0 ./MCAL/DIO/DIO.o
 .bss           0x0080006c        0x0 ./APP/BCM.o
 .bss           0x0080006c        0x0 ./main.o
 .bss           0x0080006c        0x0 d:/iti 3 month/imt tools/imt tools/sdk/imt_sdk_win_64/imt_sdk_win_64/winavr/bin/../lib/gcc/avr/4.3.3/avr5\libgcc.a(_exit.o)
 .bss           0x0080006c        0x0 d:/iti 3 month/imt tools/imt tools/sdk/imt_sdk_win_64/imt_sdk_win_64/winavr/bin/../lib/gcc/avr/4.3.3/avr5\libgcc.a(_copy_data.o)
 .bss           0x0080006c        0x0 d:/iti 3 month/imt tools/imt tools/sdk/imt_sdk_win_64/imt_sdk_win_64/winavr/bin/../lib/gcc/avr/4.3.3/avr5\libgcc.a(_clear_bss.o)
 *(.bss*)
 .bss.gPsend_str
                0x0080006c        0x2 ./MCAL/UART/UART.o
 .bss.gPrece_str
                0x0080006e        0x2 ./MCAL/UART/UART.o
 .bss.MUSART1_CallBack
                0x00800070        0x2 ./MCAL/UART/UART.o
                0x00800070                MUSART1_CallBack
 .bss.Data      0x00800072       0x64 ./MCAL/UART/UART.o
                0x00800072                Data
 .bss.i         0x008000d6        0x1 ./MCAL/UART/UART.o
                0x008000d6                i
 .bss.j         0x008000d7        0x2 ./APP/BCM.o
                0x008000d7                j
 *(COMMON)
 COMMON         0x008000d9        0x2 ./APP/BCM.o
                0x008000d9                pstr_currentTask
 COMMON         0x008000db      0x3e8 ./main.o
                0x008000db                arr
                0x008004c3                PROVIDE (__bss_end, .)
                0x00001710                __data_load_start = LOADADDR (.data)
                0x0000171c                __data_load_end = (__data_load_start + SIZEOF (.data))

.noinit         0x008004c3        0x0
                0x008004c3                PROVIDE (__noinit_start, .)
 *(.noinit*)
                0x008004c3                PROVIDE (__noinit_end, .)
                0x008004c3                _end = .
                0x008004c3                PROVIDE (__heap_start, .)

.eeprom         0x00810000        0x0
 *(.eeprom*)
                0x00810000                __eeprom_end = .

.fuse
 *(.fuse)
 *(.lfuse)
 *(.hfuse)
 *(.efuse)

.lock
 *(.lock*)

.signature
 *(.signature*)

.stab           0x00000000     0x216c
 *(.stab)
 .stab          0x00000000      0x480 ./SERVICE/SER_UART/SER_UART.o
 .stab          0x00000480      0x6d8 ./MCAL/UART/UART.o
                                0x6e4 (size before relaxing)
 .stab          0x00000b58      0x468 ./MCAL/SPI/SPI.o
                                0x474 (size before relaxing)
 .stab          0x00000fc0      0x450 ./MCAL/I2C/I2C_Program.o
                                0x4e0 (size before relaxing)
 .stab          0x00001410      0x78c ./MCAL/DIO/DIO.o
                                0x81c (size before relaxing)
 .stab          0x00001b9c      0x3f0 ./APP/BCM.o
                                0x4ec (size before relaxing)
 .stab          0x00001f8c      0x1e0 ./main.o
                                0x354 (size before relaxing)

.stabstr        0x00000000     0x15c9
 *(.stabstr)
 .stabstr       0x00000000     0x15c9 ./SERVICE/SER_UART/SER_UART.o

.stab.excl
 *(.stab.excl)

.stab.exclstr
 *(.stab.exclstr)

.stab.index
 *(.stab.index)

.stab.indexstr
 *(.stab.indexstr)

.comment
 *(.comment)

.debug
 *(.debug)

.line
 *(.line)

.debug_srcinfo
 *(.debug_srcinfo)

.debug_sfnames
 *(.debug_sfnames)

.debug_aranges
 *(.debug_aranges)

.debug_pubnames
 *(.debug_pubnames)

.debug_info
 *(.debug_info)
 *(.gnu.linkonce.wi.*)

.debug_abbrev
 *(.debug_abbrev)

.debug_line
 *(.debug_line)

.debug_frame
 *(.debug_frame)

.debug_str
 *(.debug_str)

.debug_loc
 *(.debug_loc)

.debug_macinfo
 *(.debug_macinfo)
OUTPUT(BCM.elf elf32-avr)
LOAD linker stubs
